// Jest Snapshot v1, https://goo.gl/fbAQLP

exports[`Should match snapshot and call done when mounted 1`] = `
<div
  className="w3-container"
  style={
    Object {
      "maxWidth": "460px",
      "padding": "10px 12px",
    }
  }
>
  <header>
    <span
      className="w3-button w3-right w3-red"
    >
       Ã— 
    </span>
  </header>
  <div>
    <h4
      className="w3-text-red"
    >
       
      400
       
    </h4>
    <p>
       
      Bad Request
       
    </p>
  </div>
</div>
`;
