// Jest Snapshot v1, https://goo.gl/fbAQLP

exports[`Should match snapshot and call done when mounted 1`] = `<div />`;
